../Core/Src/main.c:123:5:main	16	static
../Core/Src/main.c:216:6:SystemClock_Config	88	static
../Core/Src/main.c:262:13:MX_I2C1_Init	8	static
../Core/Src/main.c:296:13:MX_I2S3_Init	8	static
../Core/Src/main.c:330:13:MX_SPI1_Init	8	static
../Core/Src/main.c:368:13:MX_GPIO_Init	56	static
../Core/Src/main.c:467:13:writeAllLeds	24	static
../Core/Src/main.c:473:13:toggleLeds	8	static
../Core/Src/main.c:479:13:wheelAnimation	48	static
../Core/Src/main.c:500:13:collectedAnimation	32	static
../Core/Src/main.c:514:13:loseAnimation	24	static
../Core/Src/main.c:527:13:winningAnimation	24	static
../Core/Src/main.c:541:6:AnimateTask	32	static
../Core/Src/main.c:557:6:PollButtonTask	24	static
../Core/Src/main.c:571:6:spin	24	static
../Core/Src/main.c:578:6:setNextAnimation	24	static
../Core/Src/main.c:607:6:StateMachineTask	56	static
../Core/Src/main.c:654:6:Error_Handler	8	static,ignoring_inline_asm
