../Core/Src/main.c:120:5:main	16	static
../Core/Src/main.c:213:6:SystemClock_Config	88	static
../Core/Src/main.c:259:13:MX_I2C1_Init	8	static
../Core/Src/main.c:293:13:MX_I2S3_Init	8	static
../Core/Src/main.c:327:13:MX_SPI1_Init	8	static
../Core/Src/main.c:365:13:MX_GPIO_Init	56	static
../Core/Src/main.c:464:13:writeAllLeds	24	static
../Core/Src/main.c:470:13:toggleLeds	8	static
../Core/Src/main.c:476:13:wheelAnimation	48	static
../Core/Src/main.c:497:13:collectedAnimation	32	static
../Core/Src/main.c:511:13:loseAnimation	24	static
../Core/Src/main.c:524:13:winningAnimation	24	static
../Core/Src/main.c:538:6:AnimateTask	32	static
../Core/Src/main.c:554:6:PollButtonTask	24	static
../Core/Src/main.c:568:6:spin	24	static
../Core/Src/main.c:575:6:setNextAnimation	24	static
../Core/Src/main.c:600:6:StateMachineTask	56	static
../Core/Src/main.c:646:6:Error_Handler	8	static,ignoring_inline_asm
