../Core/Src/main.c:508:13:writeAllLeds	16	static
../Core/Src/main.c:520:13:wheelAnimation	32	static
../Core/Src/main.c:582:6:AnimateTask	24	static
../Core/Src/main.c:541:13:collectedAnimation	24	static
../Core/Src/main.c:568:13:winningAnimation	24	static
../Core/Src/main.c:555:13:loseAnimation	16	static
../Core/Src/main.c:598:6:PollButtonTask	16	static
../Core/Src/main.c:693:6:StartDefaultTask	8	static
../Core/Src/main.c:612:6:spin	16	static
../Core/Src/main.c:619:6:setNextAnimation	8	static
../Core/Src/main.c:644:6:StateMachineTask	56	static
../Core/Src/main.c:710:6:Error_Handler	8	static,ignoring_inline_asm
../Core/Src/main.c:231:6:SystemClock_Config	88	static
../Core/Src/main.c:128:5:main	64	static
