../Core/Src/main.c:493:13:writeAllLeds	16	static
../Core/Src/main.c:505:13:wheelAnimation	32	static
../Core/Src/main.c:567:6:AnimateTask	24	static
../Core/Src/main.c:526:13:collectedAnimation	24	static
../Core/Src/main.c:553:13:winningAnimation	24	static
../Core/Src/main.c:540:13:loseAnimation	16	static
../Core/Src/main.c:583:6:PollButtonTask	16	static
../Core/Src/main.c:597:6:spin	16	static
../Core/Src/main.c:604:6:setNextAnimation	8	static
../Core/Src/main.c:629:6:StateMachineTask	56	static
../Core/Src/main.c:675:6:Error_Handler	8	static,ignoring_inline_asm
../Core/Src/main.c:216:6:SystemClock_Config	88	static
../Core/Src/main.c:119:5:main	64	static
